// Jest Snapshot v1, https://goo.gl/fbAQLP

exports[`ErrorScreen shoud match component ErrorScreen snapshot 1`] = `ShallowWrapper {}`;
