// Jest Snapshot v1, https://goo.gl/fbAQLP

exports[`Header should match component Header snapshot 1`] = `ShallowWrapper {}`;
