// Jest Snapshot v1, https://goo.gl/fbAQLP

exports[`Palette shoud match component Palette snapshot 1`] = `ShallowWrapper {}`;
