// Jest Snapshot v1, https://goo.gl/fbAQLP

exports[`PaletteColor shoud match component PaletteColor snapshot 1`] = `ShallowWrapper {}`;
