// Jest Snapshot v1, https://goo.gl/fbAQLP

exports[`SubHeader shoud match component SubHeader snapshot 1`] = `ShallowWrapper {}`;
