// Jest Snapshot v1, https://goo.gl/fbAQLP

exports[`PickerColor should match component PickerColor snapshot 1`] = `ShallowWrapper {}`;
