// Jest Snapshot v1, https://goo.gl/fbAQLP

exports[`ProjectScreen shoud match component ProjectScreen snapshot 1`] = `ShallowWrapper {}`;
