// Jest Snapshot v1, https://goo.gl/fbAQLP

exports[`Project shoud match component Project snapshot 1`] = `ShallowWrapper {}`;
