// Jest Snapshot v1, https://goo.gl/fbAQLP

exports[`PickerScreen shoud match component PickerScreen snapshot 1`] = `ShallowWrapper {}`;
